#-----------------------------------------------------------
# Vivado v2019.1 (64-bit)
# SW Build 2552052 on Fri May 24 14:49:42 MDT 2019
# IP Build 2548770 on Fri May 24 18:01:18 MDT 2019
# Start of session at: Tue Jan 28 12:40:17 2020
# Process ID: 66444
# Current directory: H:/cse462/LAB2_BenGuan
# Command line: vivado.exe -gui_launcher_event rodinguilauncherevent64472 H:\cse462\LAB2_BenGuan\LAB0_BenGuan.xpr
# Log file: H:/cse462/LAB2_BenGuan/vivado.log
# Journal file: H:/cse462/LAB2_BenGuan\vivado.jou
#-----------------------------------------------------------
start_gui
open_project H:/cse462/LAB2_BenGuan/LAB0_BenGuan.xpr
launch_simulation
open_wave_config H:/cse462/LAB2_BenGuan/testbench_behav.wcfg
source testbench.tcl
update_compile_order -fileset sources_1
add_force {/testbench/clk} -radix hex {1 0ns} {0 10415ps} -repeat_every 20830ps
add_force {/testbench/reset_h} -radix hex {1 0ns}
add_force {/testbench/txd} -radix hex {1 0ns}
run 100ns
add_force {/testbench/reset_h} -radix hex {0 0ns}
add_force {/testbench/txd} -radix hex {0 0ns}
run 8us
run 20us
save_wave_config {H:/cse462/LAB2_BenGuan/testbench_behav.wcfg}
close_sim
launch_simulation
open_wave_config H:/cse462/LAB2_BenGuan/testbench_behav.wcfg
source testbench.tcl
add_force {/testbench/clk} -radix hex {1 0ns} {0 10400ps} -repeat_every 20800ps
add_force {/testbench/reset_h} -radix hex {1 0ns}
add_force {/testbench/txd} -radix hex {1 0ns}
run 100ns
add_force {/testbench/reset_h} -radix hex {0 0ns}
add_force {/testbench/txd} -radix hex {0 0ns}
run 20us
run 5us
save_wave_config {H:/cse462/LAB2_BenGuan/testbench_behav.wcfg}
close_sim
launch_simulation
open_wave_config H:/cse462/LAB2_BenGuan/testbench_behav.wcfg
source testbench.tcl
add_force {/testbench/clk} -radix hex {1 0ns} {0 10400ps} -repeat_every 20800ps
add_force {/testbench/reset_h} -radix hex {1 0ns}
add_force {/testbench/txd} -radix hex {1 0ns}
run 100nw
run 100ns
add_force {/testbench/reset_h} -radix hex {0 0ns}
add_force {/testbench/txd} -radix hex {0 0ns}
run 20us
run 10us
run 10us
run 10us
